{
  "data": {
    "blogPost": [
      {
        "titlePart": {
          "title": "Some sorta blogpost!"
        }
      }
    ]
  }
}